// Jest Snapshot v1, https://goo.gl/fbAQLP

exports[`NotImplementedAssertion shallow renders the correct HTML structure 1`] = `
<Fragment>
  <FontAwesomeIcon
    className="icon_1tijhm4"
    icon="frown"
    key="faFrown"
    size="lg"
  />
  Currently there is no rendering mechanism for this type of assertion. Please contact 
  <strong>
    the developers
  </strong>
   if you would like to have it implemented.
</Fragment>
`;
