// Jest Snapshot v1, https://goo.gl/fbAQLP

exports[`InteractiveNavList shallow renders and matches snapshot 1`] = `
<Column
  width="28em"
>
  <ListGroup
    className="buttonList_mjw45f"
  >
    <ListGroupItem
      action={true}
      activeClassName="navButton_1x055n9-o_O-navButtonInteract_kaw7x9-o_O-unselectable_16maxrd-o_O-navButtonInteractFocus_ty7675"
      className="navButton_1x055n9-o_O-navButtonInteract_kaw7x9-o_O-unselectable_16maxrd"
      key="bbb"
      tabIndex="1"
      tag={
        Object {
          "$$typeof": Symbol(react.forward_ref),
          "propTypes": Object {
            "activeClassName": [Function],
            "activeStyle": [Function],
            "aria-current": [Function],
            "className": [Function],
            "exact": [Function],
            "innerRef": [Function],
            "isActive": [Function],
            "location": [Function],
            "onClick": [Function],
            "replace": [Function],
            "sensitive": [Function],
            "strict": [Function],
            "style": [Function],
            "target": [Function],
            "to": [Function],
          },
          "render": [Function],
        }
      }
      to="/?"
    >
      <InteractiveNavEntry
        caseCountFailed={0}
        caseCountPassed={0}
        description="Interactive MTest Desc"
        displayTime={false}
        envCtrlCallback={[Function]}
        executionTime={null}
        handleClick={[Function]}
        key="bbb"
        name="Interactive MTest"
        runtime_status="ready"
        setupTime={null}
        status="unknown"
        suiteRelated={false}
        teardownTime={null}
        type="multitest"
      />
    </ListGroupItem>
  </ListGroup>
</Column>
`;
