// Jest Snapshot v1, https://goo.gl/fbAQLP

exports[`NavBreadcrumbs shallow renders the correct HTML structure 1`] = `
<div
  className="makeStyles-navBreadcrumbs-1"
>
  <ul
    className="makeStyles-breadcrumbContainer-2"
  >
    <li
      key="breadcrumbMenuHome"
    >
      <WithStyles(ForwardRef(Button))
        className="makeStyles-breadcrumbMenu-4 makeStyles-breadcrumbMenuButton-5"
        disableRipple={true}
        onClick={[Function]}
        style={
          Object {
            "paddingLeft": "10px",
          }
        }
      >
        <FontAwesomeIcon
          className="makeStyles-homeIcon-3"
          icon="home"
          key="breadcrumbMenuHomeIcon"
          title="Home"
        />
      </WithStyles(ForwardRef(Button))>
    </li>
    <li
      key="breadcrumbMenutestplan0"
    >
      <BreadcrumbMenu
        current={
          Object {
            "category": "testplan",
            "counter": Object {
              "failed": 0,
              "passed": 0,
            },
            "description": "desc",
            "name": "test",
            "status": "passed",
            "uid": "123",
            "uids": Array [
              "123",
            ],
          }
        }
        handleNextOpenItem={[Function]}
        isOpen={false}
        key="123"
        nextSelectedUid={null}
        url="/testplan/:uid/:selection*"
      />
    </li>
  </ul>
</div>
`;
